// Jest Snapshot v1, https://goo.gl/fbAQLP

exports[`App 1`] = `
<div>
  <nav
    className="mb-3 navbar navbar-expand-lg navbar-light bg-dark"
  >
    <a
      className="navbar-brand"
      href="#home"
    >
      IP Info
    </a>
  </nav>
  <div
    className="container-fluid"
  >
    <div
      className="row"
    >
      <div
        className="col-md-4"
      >
        <form
          className="mb-3 mx-auto"
          onSubmit={[Function]}
        >
          <div
            className="form-group"
          >
            <label
              className="form-label"
              htmlFor="formIp"
            >
              IP Address:
            </label>
            <input
              className="form-control"
              id="formIp"
              name="ipAddress"
              onBlur={[Function]}
              onChange={[Function]}
              placeholder="75.34.225.8"
              type="text"
              value=""
            />
          </div>
          <button
            className="btn btn-primary"
            disabled={false}
            type="submit"
          >
            Submit
          </button>
        </form>
      </div>
      <div
        className="col-md-8"
      >
        <div
          className="mb-3 card"
        >
          <div
            className="card-header"
          >
            GeoIP
          </div>
          <div
            className="card-body"
          >
            <div
              style={
                Object {
                  "height": "100%",
                  "width": "100%",
                }
              }
            >
              <canvas
                style={
                  Object {
                    "display": "block",
                  }
                }
              />
              <div />
            </div>
          </div>
        </div>
        <div
          className="mb-3 card"
        >
          <div
            className="card-header"
          >
            Whois
          </div>
        </div>
      </div>
    </div>
  </div>
</div>
`;
