// Jest Snapshot v1, https://goo.gl/fbAQLP

exports[`GeoIp 1`] = `
<div
  className="mb-3 card"
>
  <div
    className="card-header"
  >
    GeoIP
  </div>
  <div
    className="card-body"
  >
    <div
      style={
        Object {
          "height": "100%",
          "width": "100%",
        }
      }
    >
      <canvas
        style={
          Object {
            "display": "block",
          }
        }
      />
      <div />
    </div>
  </div>
</div>
`;
